// Jest Snapshot v1, https://goo.gl/fbAQLP

exports[`tests in DetailsFed Screen matches snapshot 1`] = `
<View
  style={
    Array [
      Object {
        "alignItems": "center",
        "flexBasis": 0,
        "flexGrow": 1,
        "flexShrink": 1,
        "justifyContent": "center",
        "paddingBottom": 10,
        "paddingLeft": 10,
        "paddingRight": 10,
        "paddingTop": 10,
      },
    ]
  }
>
  <View
    onMoveShouldSetResponder={[Function]}
    onMoveShouldSetResponderCapture={[Function]}
    onResponderEnd={[Function]}
    onResponderGrant={[Function]}
    onResponderMove={[Function]}
    onResponderReject={[Function]}
    onResponderRelease={[Function]}
    onResponderStart={[Function]}
    onResponderTerminate={[Function]}
    onResponderTerminationRequest={[Function]}
    onStartShouldSetResponder={[Function]}
    onStartShouldSetResponderCapture={[Function]}
    style={
      Object {
        "alignItems": "center",
        "backgroundColor": "transparent",
        "height": 550,
        "justifyContent": "center",
        "width": 440,
      }
    }
  >
    <View
      collapsable={false}
      style={
        Object {
          "alignItems": "center",
          "backgroundColor": "transparent",
          "flex": 1,
          "height": 550,
          "justifyContent": "center",
          "opacity": 0,
          "position": "absolute",
          "transform": Array [
            Object {
              "perspective": -1000,
            },
            Object {
              "rotateY": "-180deg",
            },
          ],
          "width": 440,
          "zIndex": 1,
        }
      }
    >
      <View
        pointerEvents="none"
      >
        <View
          style={
            Array [
              Object {
                "height": 510,
                "width": 500,
              },
            ]
          }
        >
          <Image
            height="auto"
            resizeMode="cover"
            source={
              Object {
                "uri": undefined,
              }
            }
            style={
              Array [
                Object {
                  "height": 180,
                  "transform": Array [
                    Object {
                      "scaleX": -1,
                    },
                  ],
                  "width": "100%",
                },
              ]
            }
            width="100%"
          />
          <View
            style={
              Array [
                Object {
                  "alignItems": "center",
                  "height": 80,
                  "justifyContent": "center",
                  "width": "100%",
                },
              ]
            }
          >
            <View
              style={
                Array [
                  Object {
                    "alignItems": "center",
                    "height": 70,
                    "justifyContent": "center",
                    "width": 250,
                  },
                ]
              }
            >
              <Text
                style={
                  Array [
                    Object {
                      "color": "#000",
                      "fontFamily": "Poppins-Bold",
                      "fontSize": 14,
                      "textAlign": "center",
                    },
                  ]
                }
              />
            </View>
          </View>
          <View
            style={
              Array [
                Object {
                  "alignItems": "center",
                  "height": 220,
                  "justifyContent": "center",
                  "width": "100%",
                },
              ]
            }
          >
            <RCTScrollView
              contentContainerStyle={
                Object {
                  "marginVertical": 10,
                }
              }
              getItem={[Function]}
              getItemCount={[Function]}
              horizontal={false}
              keyExtractor={[Function]}
              onContentSizeChange={[Function]}
              onLayout={[Function]}
              onMomentumScrollBegin={[Function]}
              onMomentumScrollEnd={[Function]}
              onScroll={[Function]}
              onScrollBeginDrag={[Function]}
              onScrollEndDrag={[Function]}
              removeClippedSubviews={false}
              renderItem={[Function]}
              scrollEventThrottle={50}
              stickyHeaderIndices={Array []}
              style={
                Array [
                  Object {},
                ]
              }
              viewabilityConfigCallbackPairs={Array []}
            >
              <View />
            </RCTScrollView>
          </View>
          <View
            style={
              Array [
                Object {
                  "alignItems": "flex-end",
                  "flexBasis": 0,
                  "flexGrow": 1,
                  "flexShrink": 1,
                  "justifyContent": "center",
                },
              ]
            }
          >
            <View
              style={
                Array [
                  Object {
                    "alignItems": "center",
                    "justifyContent": "center",
                    "marginRight": 65,
                    "width": "20%",
                  },
                ]
              }
            >
              <Text
                style={
                  Array [
                    Object {
                      "color": "#000",
                      "fontFamily": "Poppins-SemiBold",
                      "fontSize": 12,
                      "textAlign": "center",
                    },
                  ]
                }
              >
                LEARN MORE
              </Text>
            </View>
          </View>
        </View>
      </View>
    </View>
    <View
      collapsable={false}
      style={
        Object {
          "alignItems": "center",
          "backgroundColor": "transparent",
          "flex": 1,
          "height": 550,
          "justifyContent": "center",
          "opacity": 1,
          "position": "absolute",
          "transform": Array [
            Object {
              "perspective": -1000,
            },
            Object {
              "rotateY": "0deg",
            },
          ],
          "width": 440,
          "zIndex": 5,
        }
      }
    >
      <View
        pointerEvents="auto"
      >
        <View
          style={
            Array [
              Object {
                "height": 510,
                "width": 500,
              },
            ]
          }
        >
          <Image
            height="auto"
            resizeMode="cover"
            source={
              Object {
                "uri": undefined,
              }
            }
            style={
              Array [
                Object {
                  "height": 180,
                  "width": "100%",
                },
              ]
            }
            width="100%"
          />
          <View
            style={
              Array [
                Object {
                  "alignItems": "center",
                  "height": 80,
                  "justifyContent": "center",
                  "width": "100%",
                },
              ]
            }
          >
            <View
              style={
                Array [
                  Object {
                    "alignItems": "center",
                    "height": 70,
                    "justifyContent": "center",
                    "width": 250,
                  },
                ]
              }
            >
              <Text
                style={
                  Array [
                    Object {
                      "color": "#000",
                      "fontFamily": "Poppins-Bold",
                      "fontSize": 14,
                      "textAlign": "center",
                    },
                  ]
                }
              />
            </View>
          </View>
          <View
            style={
              Array [
                Object {
                  "alignItems": "center",
                  "flexBasis": 0,
                  "flexGrow": 1,
                  "flexShrink": 1,
                  "justifyContent": "center",
                },
              ]
            }
          >
            <View
              style={
                Array [
                  Object {
                    "flexBasis": 0,
                    "flexGrow": 1,
                    "flexShrink": 1,
                    "marginLeft": 60,
                    "marginRight": 50,
                    "paddingBottom": 20,
                    "paddingLeft": 20,
                    "paddingRight": 20,
                    "paddingTop": 20,
                  },
                ]
              }
            >
              <Text
                style={
                  Array [
                    Object {
                      "color": "#000",
                      "fontFamily": "Poppins-Regular",
                      "fontSize": 12,
                      "textAlign": "left",
                    },
                  ]
                }
              />
            </View>
          </View>
        </View>
      </View>
    </View>
  </View>
</View>
`;
